// Jest Snapshot v1, https://goo.gl/fbAQLP

exports[`Tests Recipes Container should render as expected 1`] = `
<DocumentFragment>
  <div
    class="makeStyles-container-1"
  >
    <div
      class="MuiFormControl-root MuiTextField-root makeStyles-textField-2 MuiFormControl-marginNormal"
    >
      <label
        class="MuiFormLabel-root MuiInputLabel-root MuiInputLabel-formControl MuiInputLabel-animated"
        data-shrink="false"
      >
        Search
      </label>
      <div
        class="MuiInputBase-root MuiInput-root MuiInput-underline MuiInputBase-formControl MuiInput-formControl"
      >
        <input
          aria-invalid="false"
          class="MuiInputBase-input MuiInput-input"
          type="text"
          value=""
        />
      </div>
    </div>
    <button
      class="MuiButtonBase-root MuiButton-root MuiButton-contained MuiButton-containedPrimary"
      tabindex="0"
      type="submit"
    >
      <span
        class="MuiButton-label"
      >
        <svg
          aria-hidden="true"
          class="MuiSvgIcon-root"
          focusable="false"
          role="presentation"
          viewBox="0 0 24 24"
        >
          <path
            d="M19 13h-6v6h-2v-6H5v-2h6V5h2v6h6v2z"
          />
        </svg>
      </span>
      <span
        class="MuiTouchRipple-root"
      />
    </button>
    <div
      class="MuiPaper-root MuiPaper-elevation1 makeStyles-root-85 MuiPaper-rounded"
    >
      <table
        class="MuiTable-root makeStyles-table-86"
      >
        <thead
          class="MuiTableHead-root"
        >
          <tr
            class="MuiTableRow-root MuiTableRow-head"
          >
            <th
              class="MuiTableCell-root MuiTableCell-head"
              scope="col"
            >
              Name
            </th>
            <th
              class="MuiTableCell-root MuiTableCell-head MuiTableCell-alignRight"
              scope="col"
            >
              Ingredients
            </th>
          </tr>
        </thead>
        <tbody
          class="MuiTableBody-root"
        >
          <tr
            class="MuiTableRow-root makeStyles-row-87"
            data-testid="row"
          >
            <th
              class="MuiTableCell-root MuiTableCell-body"
              scope="row"
            >
              pizza
            </th>
            <td
              class="MuiTableCell-root MuiTableCell-body MuiTableCell-alignRight"
            >
              tomato , cheese , flour
            </td>
          </tr>
          <tr
            class="MuiTableRow-root makeStyles-row-87"
            data-testid="row"
          >
            <th
              class="MuiTableCell-root MuiTableCell-body"
              scope="row"
            >
              cake
            </th>
            <td
              class="MuiTableCell-root MuiTableCell-body MuiTableCell-alignRight"
            >
              cream , butter , egg , flour
            </td>
          </tr>
        </tbody>
      </table>
    </div>
  </div>
</DocumentFragment>
`;
