// Jest Snapshot v1, https://goo.gl/fbAQLP

exports[`Button specs should render 1`] = `
<DocumentFragment>
  <button
    class="MuiButtonBase-root MuiButton-root MuiButton-contained MuiButton-containedPrimary"
    tabindex="0"
    type="submit"
  >
    <span
      class="MuiButton-label"
    >
      label
    </span>
    <span
      class="MuiTouchRipple-root"
    />
  </button>
</DocumentFragment>
`;
