// Jest Snapshot v1, https://goo.gl/fbAQLP

exports[`TextField specs should render 1`] = `
<DocumentFragment>
  <div
    class="MuiFormControl-root MuiTextField-root MuiFormControl-marginNormal"
  >
    <label
      class="MuiFormLabel-root MuiInputLabel-root MuiInputLabel-formControl MuiInputLabel-animated MuiInputLabel-shrink MuiFormLabel-filled"
      data-shrink="true"
    >
      label
    </label>
    <div
      class="MuiInputBase-root MuiInput-root MuiInput-underline MuiInputBase-formControl MuiInput-formControl"
    >
      <input
        aria-invalid="false"
        class="MuiInputBase-input MuiInput-input"
        type="text"
        value="hola"
      />
    </div>
  </div>
</DocumentFragment>
`;
